IQ-TREE version 3.1.2 for MacOS ARM 64-bit built May  7 2026
Developed by Bui Quang Minh, Thomas Wong, Nhan Ly-Trong, Huaiyan Ren
Contributed by Lam-Tung Nguyen, Dominik Schrempf, Chris Bielow,
Olga Chernomor, Michael Woodhams, Diep Thi Hoang, Heiko Schmidt

Host:    Spencers-MacBook-Pro-594.local (SSE4.2, 16 GB RAM)
Command: /Users/spencergray/Desktop/pif1-foldtree/tools/iqtree-3.1.2-macOS-arm/bin/iqtree3 -s /Users/spencergray/Desktop/pif1-foldtree/results/g4/recq_aln.linsi.fasta -m LG+G4 -fast -T 4 -pre /Users/spencergray/Desktop/pif1-foldtree/results/g4/recq_rqc -redo
Seed:    421402 (Using SPRNG - Scalable Parallel Random Number Generator)
Time:    Wed Jul  8 21:48:07 2026
Kernel:  SSE2 - 4 threads (10 CPU cores detected)

Reading alignment file /Users/spencergray/Desktop/pif1-foldtree/results/g4/recq_aln.linsi.fasta ... Fasta format detected
Reading fasta file: done in 0.00637889 secs using 84.98% CPU
Alignment most likely contains protein sequences
Constructing alignment: done in 0.00249815 secs using 80.22% CPU
Alignment has 1051 sequences with 421 columns, 396 distinct patterns
181 parsimony-informative, 143 singleton sites, 97 constant sites
Analyzing sequences: done in 0.000275135 secs using 247.5% CPU
WARNING: 1051 sequences contain more than 50% gaps/ambiguity
Checking for duplicate sequences: done in 0.00198793 secs using 115.8% CPU

Create initial parsimony tree by phylogenetic likelihood library (PLL)... 0.40 seconds

NOTE: 270 MB RAM (0 GB) is required!
Estimate model parameters (epsilon = 0.50)
1. Initial log-likelihood: -197215.60
2. Current log-likelihood: -183251.10
3. Current log-likelihood: -182921.14
4. Current log-likelihood: -182675.67
5. Current log-likelihood: -182664.29
Optimal log-likelihood: -182664.25
Gamma shape alpha: 2.36
Parameters optimization took 5 rounds (9.53 sec)
Wrote distance file to... 
Computing ML distances based on estimated model parameters...
Calculating distance matrix: done in 108.785 secs using 388.1% CPU
Computing ML distances took 108.789362 sec (of wall-clock time) 422.174627 sec (of CPU time)
WARNING: Some pairwise ML distances are too long (saturated)
Setting up auxiliary I and S matrices: done in 0.00595498 secs using 406.4% CPU
Constructing RapidNJ tree: done in 0.116856 secs using 155.7% CPU
Computing RapidNJ tree took 0.122900 sec (of wall-clock time) 0.206237 sec (of CPU time)
Log-likelihood of RapidNJ tree: -182177.189
--------------------------------------------------------------------
|             INITIALIZING CANDIDATE TREE SET                      |
--------------------------------------------------------------------

Do NNI search on 2 best initial trees
Estimate model parameters (epsilon = 0.500)
BETTER TREE FOUND at iteration 1: -180490.592
Finish initializing candidate tree set (4)
Current best tree score: -180490.592 / CPU time: 35.910
Number of iterations: 2
TREE SEARCH COMPLETED AFTER 2 ITERATIONS / Time: 0h:2m:39s

--------------------------------------------------------------------
|                    FINALIZING TREE SEARCH                        |
--------------------------------------------------------------------
Performs final model parameters optimization
Estimate model parameters (epsilon = 0.050)
1. Initial log-likelihood: -180490.592
Optimal log-likelihood: -180490.588
Gamma shape alpha: 2.231
Parameters optimization took 1 rounds (1.079 sec)
BEST SCORE FOUND : -180490.588
Total tree length: 525.621

Total number of iterations: 2
CPU time used for tree search: 65.505 sec (0h:1m:5s)
Wall-clock time used for tree search: 35.912 sec (0h:0m:35s)
Total CPU time used: 519.896 sec (0h:8m:39s)
Total wall-clock time used: 160.777 sec (0h:2m:40s)

Analysis results written to: 
  IQ-TREE report:                /Users/spencergray/Desktop/pif1-foldtree/results/g4/recq_rqc.iqtree
  Maximum-likelihood tree:       /Users/spencergray/Desktop/pif1-foldtree/results/g4/recq_rqc.treefile
  Likelihood distances:          /Users/spencergray/Desktop/pif1-foldtree/results/g4/recq_rqc.mldist
  Screen log file:               /Users/spencergray/Desktop/pif1-foldtree/results/g4/recq_rqc.log

Date and Time: Wed Jul  8 21:50:48 2026
